[2026-06-10--20-58-32 INFO actix_server::builder] starting 5 workers
[2026-06-10--20-58-32 INFO actix_server::server] Tokio runtime found; starting in existing Tokio runtime
[2026-06-10--20-58-32 INFO actix_server::server] starting service: "actix-web-service-127.0.0.1:18488", workers: 5, listening on: 127.0.0.1:18488
[2026-06-10--20-58-32 INFO parity_ws] Listening for new connections on 127.0.0.1:8900.
[2026-06-10--20-58-32 INFO surfpool::cli::simnet] Loaded 2 accounts from snapshot file: tests/fixtures/surfpool-snapshot.json
[2026-06-10--20-58-32 INFO surfpool::cli::simnet] Datasource connection successful. Epoch 985 / Slot index 75505 / Slot 425595505.
[2026-06-10--20-58-32 INFO surfpool::cli::simnet] Account 5FsXjNmmudnBndWPgQWj8uvY7kfs3dSpf655i39Q6A9A updated.
[2026-06-10--20-58-32 INFO surfpool::cli::simnet] Genesis airdrop successful 5FsXjNmmudnBndWPgQWj8uvY7kfs3dSpf655i39Q6A9A: 10000000000000
[2026-06-10--20-58-32 INFO surfpool::cli::simnet] Account 7pyXgHEbAxkPNTZaaAEc21UGyoLKME5a3mMvxpseHeHz updated.
[2026-06-10--20-58-32 INFO surfpool::cli::simnet] Account GLnPMjfFemGFhhMnKwpDEt9F56pvBgmTqyug3xQPQTHE updated.
[2026-06-10--20-58-32 INFO surfpool::cli::simnet] Preloaded 2 accounts from snapshot(s) into SVM
[2026-06-10--20-58-32 INFO surfpool::cli::simnet] Runbook 'deployment' execution started
[2026-06-10--20-58-32 WARN surfpool::cli::simnet] Runbook execution aborted
[2026-06-10--20-58-32 WARN surfpool::cli::simnet] error at .
[2026-06-10--20-58-32 WARN surfpool::cli::simnet] 	error: 'svm:deploy_program' command 'deploy_adapter_drift': function 'svm::get_program_from_anchor_project': invalid anchor idl at location target/idl/adapter_drift.json: error: invalid idl: missing field `name` at line 10 column 3
[2026-06-10--20-58-32 INFO surfpool::cli::simnet] Runbook 'deployment' execution completed
[2026-06-10--21-10-58 INFO surfpool::cli::simnet] Account BzBBveUDymEYoYzcMWNQCx3cd4jQs7puaVFHLtsbB6fm updated.
[2026-06-10--21-11-35 INFO actix_server::worker] shutting down idle worker
[2026-06-10--21-11-35 INFO actix_server::worker] shutting down idle worker
[2026-06-10--21-11-35 INFO actix_server::worker] shutting down idle worker
[2026-06-10--21-11-35 INFO actix_server::worker] shutting down idle worker
[2026-06-10--21-11-35 INFO actix_server::accept] accept thread stopped
[2026-06-10--21-11-35 INFO actix_server::worker] shutting down idle worker
